TOTAL 80
DRWXR-XR-X  19 ROOT ROOT  4096 SEP  9 20:03 .
DRWXR-XR-X  19 ROOT ROOT  4096 SEP  9 20:03 ..
LRWXRWXRWX   1 ROOT ROOT     7 AUG  1 02:08 BIN -> USR/BIN
DRWXR-XR-X   4 ROOT ROOT  4096 AUG 26 20:35 BOOT
DRWXR-XR-X  16 ROOT ROOT  4000 SEP 10 07:23 DEV
DRWXR-XR-X 129 ROOT ROOT 12288 SEP 11 20:03 ETC
DRWXR-XR-X   6 ROOT ROOT  4096 AUG 21 19:03 HOME
LRWXRWXRWX   1 ROOT ROOT     7 AUG  1 02:08 LIB -> USR/LIB
LRWXRWXRWX   1 ROOT ROOT     9 AUG  1 02:08 LIB32 -> USR/LIB32
LRWXRWXRWX   1 ROOT ROOT     9 AUG  1 02:08 LIB64 -> USR/LIB64
LRWXRWXRWX   1 ROOT ROOT    10 AUG  1 02:08 LIBX32 -> USR/LIBX32
DRWX------   2 ROOT ROOT 16384 AUG  1 02:11 LOST+FOUND
DRWXR-XR-X   2 ROOT ROOT  4096 AUG  1 02:08 MEDIA
DRWXR-XR-X   2 ROOT ROOT  4096 AUG  1 02:08 MNT
DRWXR-XR-X   4 ROOT ROOT  4096 AUG 21 19:27 OPT
DR-XR-XR-X 176 ROOT ROOT     0 SEP  9 20:03 PROC
DRWX------   5 ROOT ROOT  4096 AUG 21 19:25 ROOT
DRWXR-XR-X  33 ROOT ROOT  1060 SEP 11 20:00 RUN
LRWXRWXRWX   1 ROOT ROOT     8 AUG  1 02:08 SBIN -> USR/SBIN
DRWXR-XR-X  13 ROOT ROOT  4096 AUG 21 19:24 SNAP
DRWXR-XR-X   2 ROOT ROOT  4096 AUG  1 02:08 SRV
DR-XR-XR-X  13 ROOT ROOT     0 SEP  9 20:03 SYS
DRWXRWXRWT  12 ROOT ROOT  4096 SEP 11 20:39 TMP
DRWXR-XR-X  14 ROOT ROOT  4096 AUG  1 02:08 USR
DRWXR-XR-X  13 ROOT ROOT  4096 AUG  1 02:10 VAR
